	(1)	(2)	(3)	(4)	(5)	(6)	(7)	(8)	(9)	(10)	(11)	(12)	(13)	(14)	(15)
VARIABLES	lnwpu	lnwpu	lnwpu	lnwpu	lnwpu	lnwpr	lnwpr	lnwpr	lnwpr	lnwpr	lnwto	lnwto	lnwto	lnwto	lnwto
															
imp_post_south	-0.14**	-0.04	-0.10	-0.14**	-0.12	-0.04	0.07	0.04	-0.04	0.03	-0.12***	-0.03	-0.08*	-0.13***	-0.14*
	(0.070)	(0.047)	(0.062)	(0.068)	(0.127)	(0.104)	(0.100)	(0.126)	(0.103)	(0.139)	(0.045)	(0.028)	(0.042)	(0.044)	(0.077)
imp_post_nonsouth	-0.08*	-0.10***	-0.10*	-0.08	-0.10*	0.16**	0.11**	0.07	0.17**	0.14	0.04	-0.00	-0.01	0.04	0.05
	(0.047)	(0.036)	(0.054)	(0.053)	(0.049)	(0.076)	(0.049)	(0.075)	(0.086)	(0.093)	(0.041)	(0.015)	(0.030)	(0.046)	(0.062)
_Iyear_1970	-0.01	-0.05***	-0.15	-0.01	0.00	-0.13***	-0.20***	-0.62	-0.13***	-0.13***	-0.10***	-0.15***	-0.16	-0.10***	-0.10**
	(0.036)	(0.017)	(0.300)	(0.036)	(0.043)	(0.027)	(0.029)	(0.497)	(0.027)	(0.036)	(0.031)	(0.010)	(0.214)	(0.031)	(0.040)
_Iyear_1980	-0.54***	-0.62***	0.20	-0.55***	-0.53***	-0.68***	-0.78***	-0.69	-0.68***	-0.66***	-0.32***	-0.38***	-0.19	-0.32***	-0.32***
	(0.074)	(0.038)	(0.646)	(0.073)	(0.083)	(0.092)	(0.050)	(0.890)	(0.094)	(0.112)	(0.066)	(0.018)	(0.387)	(0.065)	(0.091)
_Iyear_1990	-0.72***	-0.84***	-0.05	-0.72***	-0.70***	-0.90***	-1.07***	-1.26	-0.88***	-0.88***	-0.41***	-0.52***	-0.42	-0.41***	-0.41***
	(0.083)	(0.039)	(0.770)	(0.085)	(0.092)	(0.114)	(0.054)	(0.975)	(0.122)	(0.134)	(0.084)	(0.016)	(0.550)	(0.083)	(0.106)
o._Isouth_1	-	-	-	-	-	-	-	-	-	-	-	-	-	-	-
															
_IyeaXsou_1970_1	0.23***	-0.25***	-0.03	0.23***	0.21*	0.27***	0.06	-0.04	0.27***	0.20*	0.24***	-0.08***	-0.03	0.24***	0.25***
	(0.067)	(0.039)	(0.061)	(0.067)	(0.108)	(0.096)	(0.074)	(0.124)	(0.097)	(0.114)	(0.057)	(0.024)	(0.051)	(0.057)	(0.082)
_IyeaXsou_1980_1	0.40***	-0.59***	-0.06	0.33*	0.37**	1.09***	0.65***	0.13	1.06***	1.01***	0.58***	-0.10***	0.03	0.49***	0.59***
	(0.136)	(0.061)	(0.139)	(0.173)	(0.176)	(0.197)	(0.123)	(0.286)	(0.316)	(0.213)	(0.113)	(0.035)	(0.102)	(0.124)	(0.145)
_IyeaXsou_1990_1	0.49***	-0.94***	-0.02	0.41**	0.45**	1.26***	0.66***	0.25	1.21***	1.18***	0.69***	-0.27***	0.05	0.59***	0.70***
	(0.159)	(0.057)	(0.152)	(0.200)	(0.196)	(0.219)	(0.100)	(0.294)	(0.357)	(0.236)	(0.141)	(0.028)	(0.130)	(0.151)	(0.171)
o._Ileaid_102370		-					-					-			
															
o._Ileaid_408800		-					-					-			
															
o._Ileaid_509000		-					-					-			
															
o._Ileaid_614550		-					-					-			
															
o._Ileaid_622710		-					-					-			
															
o._Ileaid_628050		-					-					-			
															
o._Ileaid_633840		-					-					-			
															
o._Ileaid_634170		-					-					-			
															
o._Ileaid_634320		-					-					-			
															
o._Ileaid_634410		-					-					-			
															
o._Ileaid_634590		-					-					-			
															
o._Ileaid_640740		-					-					-			
															
o._Ileaid_803360		-					-					-			
															
o._Ileaid_901920		-					-					-			
															
o._Ileaid_1200150		-					-					-			
															
o._Ileaid_1200180		-					-					-			
															
o._Ileaid_1200390		-					-					-			
															
o._Ileaid_1200480		-					-					-			
															
o._Ileaid_1200870		-					-					-			
															
o._Ileaid_1201080		-					-					-			
															
o._Ileaid_1201440		-					-					-			
															
o._Ileaid_1201500		-					-					-			
															
o._Ileaid_1201590		-					-					-			
															
o._Ileaid_1201920		-					-					-			
															
o._Ileaid_1300120		-					-					-			
															
o._Ileaid_1301830		-					-					-			
															
o._Ileaid_1303870		-					-					-			
															
o._Ileaid_1709930		-					-					-			
															
o._Ileaid_1734510		-					-					-			
															
o._Ileaid_1803630		-					-					-			
															
o._Ileaid_1804770		-					-					-			
															
o._Ileaid_1810290		-					-					-			
															
o._Ileaid_2012990		-					-					-			
															
o._Ileaid_2101860		-					-					-			
															
o._Ileaid_2102990		-					-					-			
															
o._Ileaid_2200300		-					-					-			
															
o._Ileaid_2200330		-					-					-			
															
o._Ileaid_2200540		-					-					-			
															
o._Ileaid_2201170		-					-					-			
															
o._Ileaid_2201290		-					-					-			
															
o._Ileaid_2201740		-					-					-			
															
o._Ileaid_2400090		-					-					-			
															
o._Ileaid_2502790		-					-					-			
															
o._Ileaid_2511130		-					-					-			
															
o._Ileaid_2612000		-					-					-			
															
o._Ileaid_2616440		-					-					-			
															
o._Ileaid_2621150		-					-					-			
															
o._Ileaid_2721240		-					-					-			
															
o._Ileaid_2916400		-					-					-			
															
o._Ileaid_2929280		-					-					-			
															
o._Ileaid_3174820		-					-					-			
															
o._Ileaid_3200060		-					-					-			
															
o._Ileaid_3407830		-					-					-			
															
o._Ileaid_3411340		-					-					-			
															
o._Ileaid_3605850		-					-					-			
															
o._Ileaid_3624750		-					-					-			
															
o._Ileaid_3702970		-					-					-			
															
o._Ileaid_3703330		-					-					-			
															
o._Ileaid_3904348		-					-					-			
															
o._Ileaid_3904375		-					-					-			
															
o._Ileaid_3904378		-					-					-			
															
o._Ileaid_3904380		-					-					-			
															
o._Ileaid_3904384		-					-					-			
															
o._Ileaid_3904490		-					-					-			
															
o._Ileaid_4017250		-					-					-			
															
o._Ileaid_4022770		-					-					-			
															
o._Ileaid_4030240		-					-					-			
															
o._Ileaid_4110040		-					-					-			
															
o._Ileaid_4218990		-					-					-			
															
o._Ileaid_4219170		-					-					-			
															
o._Ileaid_4501440		-					-					-			
															
o._Ileaid_4502310		-					-					-			
															
o._Ileaid_4503360		-					-					-			
															
o._Ileaid_4702940		-					-					-			
															
o._Ileaid_4703180		-					-					-			
															
o._Ileaid_4808130		-					-					-			
															
o._Ileaid_4808940		-					-					-			
															
o._Ileaid_4816230		-					-					-			
															
o._Ileaid_4818000		-					-					-			
															
o._Ileaid_4818300		-					-					-			
															
o._Ileaid_4819700		-					-					-			
															
o._Ileaid_4823640		-					-					-			
															
o._Ileaid_4828500		-					-					-			
															
o._Ileaid_4838730		-					-					-			
															
o._Ileaid_4844280		-					-					-			
															
o._Ileaid_5102670		-					-					-			
															
o._Ileaid_5103300		-					-					-			
															
o._Ileaid_5307710		-					-					-			
															
o._Ileaid_5308700		-					-					-			
															
o._Ileaid_5509600		-					-					-			
															
o._Ileaid_9999999		-					-					-			
															
o.year		-					-					-			
															
_IleaXyea_102370		0.05***					0.02***					0.03***			
		(0.000)					(0.001)					(0.000)			
_IleaXyea_408800		0.03					0.03					0.04***			
		(.)					(.)					(0.000)			
_IleaXyea_509000		0.02***					0.02***					0.02***			
		(0.000)					(0.001)					(0.000)			
_IleaXyea_614550		0.02					0.03					0.02***			
		(.)					(.)					(0.000)			
_IleaXyea_622710		0.02					0.03					0.01***			
		(.)					(.)					(0.000)			
_IleaXyea_628050		-0.02***					0.00					-0.01***			
		(0.000)					(0.000)					(0.000)			
_IleaXyea_633840		0.01					0.03					0.02***			
		(.)					(.)					(0.000)			
_IleaXyea_634170		0.02					0.02					0.02***			
		(.)					(.)					(0.000)			
_IleaXyea_634320		0.01					0.03					0.02***			
		(.)					(.)					(0.000)			
_IleaXyea_634410		-0.01					0.00					0.00***			
		(.)					(.)					(0.000)			
_IleaXyea_634590		0.02***					0.04***					0.02***			
		(0.000)					(0.000)					(0.000)			
_IleaXyea_640740		0.02					0.02					0.02***			
		(.)					(.)					(0.000)			
_IleaXyea_803360		-0.00					0.01					0.01***			
		(.)					(.)					(0.000)			
_IleaXyea_901920		-0.01***					-0.02***					-0.01***			
		(0.000)					(0.000)					(0.000)			
_IleaXyea_1200150		0.08					0.04					0.07***			
		(.)					(.)					(0.000)			
_IleaXyea_1200180		0.09					0.05					0.07***			
		(.)					(.)					(0.000)			
_IleaXyea_1200390		0.07					0.04					0.05***			
		(.)					(.)					(0.000)			
_IleaXyea_1200480		0.05***					0.03***					0.04***			
		(0.000)					(0.001)					(0.000)			
_IleaXyea_1200870		0.07***					0.04***					0.05***			
		(0.000)					(0.001)					(0.000)			
_IleaXyea_1201080		0.11					0.09					0.09***			
		(.)					(.)					(0.000)			
_IleaXyea_1201440		0.07***					0.03***					0.06***			
		(0.000)					(0.001)					(0.000)			
_IleaXyea_1201500		0.09					0.05					0.08***			
		(.)					(.)					(0.000)			
_IleaXyea_1201590		0.07					0.06					0.05***			
		(.)					(.)					(0.000)			
_IleaXyea_1201920		0.09					0.05					0.07***			
		(.)					(.)					(0.000)			
_IleaXyea_1300120		-0.03***					0.00***					-0.00***			
		(0.000)					(0.001)					(0.000)			
_IleaXyea_1301830		0.04***					0.07***					0.03***			
		(0.000)					(0.001)					(0.000)			
_IleaXyea_1303870		0.04***					0.05***					0.02***			
		(0.000)					(0.001)					(0.000)			
_IleaXyea_1709930		-0.00***					-0.01***					-0.01***			
		(0.000)					(0.000)					(0.000)			
_IleaXyea_1734510		0.02					0.03					0.02***			
		(.)					(.)					(0.000)			
_IleaXyea_1803630		0.03					0.01					0.02***			
		(.)					(.)					(0.000)			
_IleaXyea_1804770		0.00					0.01					-0.00***			
		(.)					(.)					(0.000)			
_IleaXyea_1810290		0.01***					0.01***					0.01***			
		(0.000)					(0.000)					(0.000)			
_IleaXyea_2012990		0.01					0.03					0.01***			
		(.)					(.)					(0.000)			
_IleaXyea_2101860		0.07***					0.02***					0.05***			
		(0.000)					(0.001)					(0.000)			
_IleaXyea_2102990		0.03***					-0.04***					0.00***			
		(0.000)					(0.001)					(0.000)			
_IleaXyea_2200300		0.05					0.02					0.03***			
		(.)					(.)					(0.000)			
_IleaXyea_2200330		0.06					0.02					0.03***			
		(.)					(.)					(0.000)			
_IleaXyea_2200540		0.06					0.03					0.04***			
		(.)					(.)					(0.000)			
_IleaXyea_2201170		-0.00					-0.03					-0.00***			
		(.)					(.)					(0.000)			
_IleaXyea_2201290		0.06					0.00					0.03***			
		(.)					(.)					(0.000)			
_IleaXyea_2201740		0.07					0.02					0.04***			
		(.)					(.)					(0.000)			
_IleaXyea_2400090		0.01***					-0.03***					0.00***			
		(0.000)					(0.001)					(0.000)			
_IleaXyea_2502790		-0.02					-0.01					-0.00***			
		(.)					(.)					(0.000)			
_IleaXyea_2511130		0.01					0.00					0.00***			
		(.)					(.)					(0.000)			
_IleaXyea_2612000		-0.04					-0.04					-0.04***			
		(.)					(.)					(0.000)			
_IleaXyea_2616440		0.01***					0.00***					0.01***			
		(0.000)					(0.000)					(0.000)			
_IleaXyea_2621150		0.01					0.01					0.01***			
		(.)					(.)					(0.000)			
_IleaXyea_2721240		-0.01					-0.01					0.00***			
		(.)					(.)					(0.000)			
_IleaXyea_2916400		-0.02					0.00					-0.01***			
		(.)					(.)					(0.000)			
_IleaXyea_2929280		-0.03					-0.00					-0.01***			
		(.)					(.)					(0.000)			
_IleaXyea_3174820		0.02					0.01					0.01***			
		(.)					(.)					(0.000)			
_IleaXyea_3200060		0.08					0.07					0.07***			
		(.)					(.)					(0.000)			
_IleaXyea_3407830		-0.00					-0.01					-0.01***			
		(.)					(.)					(0.000)			
_IleaXyea_3411340		-0.01***					-0.01***					-0.02***			
		(0.000)					(0.000)					(0.000)			
_IleaXyea_3605850		0.00					-0.02					-0.01***			
		(.)					(.)					(0.000)			
_IleaXyea_3624750		-0.01***					-0.02***					-0.01***			
		(0.000)					(0.000)					(0.000)			
_IleaXyea_3702970		0.06					0.06					0.05***			
		(.)					(.)					(0.000)			
_IleaXyea_3703330		0.07					0.06					0.05***			
		(.)					(.)					(0.000)			
_IleaXyea_3904348		0.01					-0.00					0.01***			
		(.)					(.)					(0.000)			
_IleaXyea_3904375		0.00					0.00					0.00***			
		(.)					(.)					(0.000)			
_IleaXyea_3904378		-0.01					-0.00					-0.01***			
		(.)					(.)					(0.000)			
_IleaXyea_3904380		0.01					0.01					0.01***			
		(.)					(.)					(0.000)			
_IleaXyea_3904384		-0.01					0.00					-0.00***			
		(.)					(.)					(0.000)			
_IleaXyea_3904490		0.01					0.00					0.01***			
		(.)					(.)					(0.000)			
_IleaXyea_4017250		0.06***					-0.01***					0.03***			
		(0.000)					(0.001)					(0.000)			
_IleaXyea_4022770		0.03***					0.01***					0.02***			
		(0.000)					(0.001)					(0.000)			
_IleaXyea_4030240		0.04***					0.01***					0.02***			
		(0.000)					(0.001)					(0.000)			
_IleaXyea_4110040		0.01					0.00					0.01***			
		(.)					(.)					(0.000)			
_IleaXyea_4218990		0.00					0.00					-0.00***			
		(.)					(.)					(0.000)			
_IleaXyea_4219170		-0.00					-0.02					-0.00***			
		(.)					(.)					(0.000)			
_IleaXyea_4501440		0.05					0.02					0.04***			
		(.)					(.)					(0.000)			
_IleaXyea_4502310		0.06					0.06					0.04***			
		(.)					(.)					(0.000)			
_IleaXyea_4503360		0.03					0.05					0.03***			
		(.)					(.)					(0.000)			
_IleaXyea_4702940		0.02***					0.02***					0.01***			
		(0.000)					(0.001)					(0.000)			
_IleaXyea_4703180		0.05***					0.03***					0.03***			
		(0.000)					(0.001)					(0.000)			
_IleaXyea_4808130		0.05***					-0.00***					0.03***			
		(0.000)					(0.001)					(0.000)			
_IleaXyea_4808940		0.07***					0.03***					0.05***			
		(0.000)					(0.001)					(0.000)			
_IleaXyea_4816230		0.03***					0.01***					0.02***			
		(0.000)					(0.001)					(0.000)			
_IleaXyea_4818000		0.06					0.08					0.03***			
		(.)					(.)					(0.000)			
_IleaXyea_4818300		0.06***					-0.01***					0.03***			
		(0.000)					(0.001)					(0.000)			
_IleaXyea_4819700		0.04***					0.03***					0.02***			
		(0.000)					(0.001)					(0.000)			
_IleaXyea_4823640		0.04***					0.00**					0.02***			
		(0.000)					(0.001)					(0.000)			
_IleaXyea_4828500		0.05***					0.02***					0.03***			
		(0.000)					(0.001)					(0.000)			
_IleaXyea_4838730		0.04					-0.04					0.01***			
		(.)					(.)					(0.000)			
_IleaXyea_4844280		0.04***					0.02***					0.02***			
		(0.000)					(0.001)					(0.000)			
_IleaXyea_5102670		0.02					-0.02					0.01***			
		(.)					(.)					(0.000)			
_IleaXyea_5103300		0.04					-0.01					0.02***			
		(.)					(.)					(0.000)			
_IleaXyea_5307710		-0.02					0.02					0.01***			
		(.)					(.)					(0.000)			
_IleaXyea_5308700		0.02***					0.02***					0.02***			
		(0.000)					(0.000)					(0.000)			
o._IleaXyea_5509600		-					-					-			
															
_IleaXyea_9999999		0.01***					-0.04***					-0.00***			
		(0.000)					(0.001)					(0.000)			
o.p_black_6b			-					-					-		
															
_IyeaXp_b_1970			-0.84***					-0.07					-0.52***		
			(0.170)					(0.251)					(0.123)		
_IyeaXp_b_1980			-1.86***					-0.44					-1.06***		
			(0.354)					(0.469)					(0.207)		
_IyeaXp_b_1990			-2.12***					-1.23**					-1.45***		
			(0.401)					(0.524)					(0.300)		
o.lnarea_b			-					-					-		
															
_IyeaXlna_1970			0.13***					0.15***					0.12***		
			(0.023)					(0.041)					(0.020)		
_IyeaXlna_1980			0.28***					0.28***					0.23***		
			(0.034)					(0.055)					(0.029)		
_IyeaXlna_1990			0.35***					0.37***					0.30***		
			(0.045)					(0.058)					(0.043)		
o.lnmarea_b			-					-					-		
															
_IyeaXlnm_1970			-0.04					-0.04					-0.04		
			(0.027)					(0.046)					(0.023)		
_IyeaXlnm_1980			-0.17***					-0.11					-0.09**		
			(0.059)					(0.083)					(0.039)		
_IyeaXlnm_1990			-0.19**					-0.12					-0.10*		
			(0.079)					(0.088)					(0.056)		
o.numdis_b			-					-					-		
															
_IyeaXnum_1970			-0.42					-0.75					-0.52*		
			(0.388)					(0.590)					(0.274)		
_IyeaXnum_1980			-0.40					-1.51					-1.07**		
			(0.885)					(1.168)					(0.511)		
_IyeaXnum_1990			-0.54					-2.08*					-1.66**		
			(1.042)					(1.065)					(0.777)		
o.lnincw_6b			-					-					-		
															
_IyeaXlni_1970			0.33**					0.34					0.21*		
			(0.136)					(0.274)					(0.116)		
_IyeaXlni_1980			0.30					1.12**					0.33		
			(0.253)					(0.435)					(0.203)		
_IyeaXlni_1990			0.08					1.07**					0.25		
			(0.296)					(0.475)					(0.275)		
o.lnincb_6b			-					-					-		
															
_IyeaXlnia1970			-0.35**					-0.36					-0.22*		
			(0.148)					(0.297)					(0.126)		
_IyeaXlnia1980			-0.34					-1.19**					-0.36		
			(0.277)					(0.468)					(0.223)		
_IyeaXlnia1990			-0.12					-1.13**					-0.28		
			(0.325)					(0.512)					(0.301)		
o.p_man_6b			-					-					-		
															
_IyeaXp_m_1970			-0.11					0.49					-0.35		
			(0.250)					(0.457)					(0.213)		
_IyeaXp_m_1980			-0.36					-0.55					-0.74**		
			(0.464)					(0.909)					(0.333)		
_IyeaXp_m_1990			-0.53					-0.35					-0.78		
			(0.550)					(0.917)					(0.492)		
impost_4_south				0.08					0.03					0.11	
				(0.115)					(0.225)					(0.074)	
impost_4_nonsouth				0.00					-0.04					0.01	
				(0.061)					(0.068)					(0.042)	
imp_pre23_south					0.03					0.12					-0.02
					(0.140)					(0.152)					(0.093)
imp_pre23_nonsouth					-0.05					-0.05					0.01
					(0.076)					(0.108)					(0.110)
															
Observations	368	368	368	368	368	368	368	368	368	368	368	368	368	368	368
Number of leaid	92	92	92	92	92	92	92	92	92	92	92	92	92	92	92
Robust standard errors in parentheses															
*** p<0.01, ** p<0.05, * p<0.1															
