	(1)	(2)	(3)	(4)	(5)	(6)	(7)	(8)	(9)	(10)	(11)	(12)	(13)	(14)	(15)	(16)	(17)	(18)	(19)	(20)	(21)	(22)	(23)	(24)	(25)	(26)	(27)
VARIABLES	lnbpu	lnbpu	lnbpu	lnbpu	lnbpu	lnbpu	lnbpu	lnbpu	lnbpu	lnbpr	lnbpr	lnbpr	lnbpr	lnbpr	lnbpr	lnbpr	lnbpr	lnbpr	lnbto	lnbto	lnbto	lnbto	lnbto	lnbto	lnbto	lnbto	lnbto
																											
impost_4_south		0.00	0.00	0.01	0.02	-0.01					-0.42*	-0.45*	-0.42**	-0.62***	-0.39					-0.00	-0.01	-0.00	-0.02	-0.01			
		(0.043)	(0.040)	(0.046)	(0.054)	(0.043)					(0.220)	(0.230)	(0.186)	(0.219)	(0.235)					(0.049)	(0.047)	(0.037)	(0.055)	(0.048)			
impost_4_nonsouth		0.20***	0.20***	0.13***	0.17***	0.22***					-0.16*	-0.10	-0.15	-0.11	-0.14*					0.12***	0.11***	0.06**	0.09***	0.13***			
		(0.038)	(0.039)	(0.038)	(0.038)	(0.041)					(0.087)	(0.100)	(0.094)	(0.116)	(0.074)					(0.029)	(0.029)	(0.024)	(0.022)	(0.032)			
_Iyear_1970	0.67***	0.67***	0.67***	0.89***	0.61	0.67***	0.88***	0.59	0.67***	-0.14*	-0.14*	-0.12	-0.08	-0.14	-0.10	-0.12*	-0.42	-0.13	0.33***	0.33***	0.32***	0.48***	0.10	0.32***	0.48***	0.14	0.32***
	(0.033)	(0.034)	(0.035)	(0.026)	(0.466)	(0.036)	(0.026)	(0.445)	(0.037)	(0.079)	(0.079)	(0.072)	(0.061)	(1.436)	(0.076)	(0.066)	(1.390)	(0.085)	(0.025)	(0.025)	(0.026)	(0.019)	(0.291)	(0.027)	(0.019)	(0.290)	(0.029)
_Iyear_1980	0.56***	0.53***	0.54***	1.02***	0.73	0.54***	0.95***	0.99*	0.55***	0.12	0.15	0.31**	0.42***	0.34	0.33***	0.17	0.48	0.16	0.49***	0.47***	0.46***	0.80***	0.29	0.45***	0.77***	0.48	0.48***
	(0.068)	(0.054)	(0.048)	(0.036)	(0.567)	(0.051)	(0.071)	(0.580)	(0.082)	(0.217)	(0.214)	(0.118)	(0.082)	(1.306)	(0.111)	(0.179)	(1.437)	(0.216)	(0.055)	(0.049)	(0.042)	(0.022)	(0.385)	(0.046)	(0.042)	(0.395)	(0.071)
_Iyear_1990	0.59***	0.48***	0.50***	1.22***	0.69	0.49***	1.19***	0.75	0.58***	0.10	0.18	0.33**	0.51***	0.79	0.37**	0.18	0.52	0.13	0.62***	0.56***	0.55***	1.06***	0.45	0.54***	1.05***	0.54	0.61***
	(0.079)	(0.069)	(0.070)	(0.043)	(0.646)	(0.074)	(0.068)	(0.642)	(0.093)	(0.235)	(0.235)	(0.153)	(0.111)	(1.721)	(0.144)	(0.174)	(1.734)	(0.234)	(0.073)	(0.070)	(0.067)	(0.026)	(0.504)	(0.071)	(0.042)	(0.505)	(0.087)
o._Isouth_1	-	-	-	-	-	-	-	-	-	-	-	-	-	-	-	-	-	-	-	-	-	-	-	-	-	-	-
																											
_IyeaXsou_1970_1	-0.27***	-0.27***	-0.28***	-0.66***	-0.09	-0.27***	-0.62***	-0.09	-0.24***	0.34*	0.34*	0.14	0.09	0.32	0.07	0.26	0.39	0.31*	-0.20***	-0.20***	-0.20***	-0.48***	-0.08	-0.19***	-0.46***	-0.09	-0.18***
	(0.048)	(0.049)	(0.045)	(0.037)	(0.091)	(0.047)	(0.040)	(0.088)	(0.058)	(0.189)	(0.187)	(0.156)	(0.143)	(0.318)	(0.159)	(0.183)	(0.311)	(0.180)	(0.040)	(0.040)	(0.035)	(0.028)	(0.066)	(0.035)	(0.034)	(0.069)	(0.050)
_IyeaXsou_1980_1	-0.15*	-0.12	-0.16**	-0.97***	-0.03	-0.15**	-0.83***	-0.01	-0.11	0.74**	1.06***	0.55*	0.37*	0.41	0.47	0.57**	0.49	0.68**	-0.11	-0.08	-0.08	-0.66***	-0.04	-0.07	-0.61***	-0.12	-0.08
	(0.087)	(0.087)	(0.067)	(0.061)	(0.125)	(0.069)	(0.083)	(0.151)	(0.104)	(0.313)	(0.399)	(0.301)	(0.212)	(0.397)	(0.302)	(0.285)	(0.469)	(0.308)	(0.074)	(0.080)	(0.069)	(0.043)	(0.096)	(0.070)	(0.056)	(0.119)	(0.090)
_IyeaXsou_1990_1	-0.07	0.03	-0.01	-1.22***	-0.01	0.01	-1.13***	-0.05	-0.03	0.94***	1.25***	0.75**	0.49**	0.62	0.65*	0.69***	0.63	0.88**	-0.12	-0.05	-0.05	-0.93***	-0.07	-0.04	-0.89***	-0.19	-0.09
	(0.100)	(0.101)	(0.089)	(0.065)	(0.149)	(0.091)	(0.075)	(0.171)	(0.114)	(0.339)	(0.448)	(0.359)	(0.235)	(0.497)	(0.363)	(0.262)	(0.549)	(0.339)	(0.094)	(0.102)	(0.094)	(0.046)	(0.127)	(0.096)	(0.051)	(0.148)	(0.108)
o._Ileaid_102370				-			-						-			-						-			-		
																											
o._Ileaid_408800				-			-						-			-						-			-		
																											
o._Ileaid_509000				-			-						-			-						-			-		
																											
o._Ileaid_614550				-			-						-			-						-			-		
																											
o._Ileaid_622710				-			-						-			-						-			-		
																											
o._Ileaid_628050				-			-						-			-						-			-		
																											
o._Ileaid_633840				-			-						-			-						-			-		
																											
o._Ileaid_634170				-			-						-			-						-			-		
																											
o._Ileaid_634320				-			-						-			-						-			-		
																											
o._Ileaid_634410				-			-						-			-						-			-		
																											
o._Ileaid_634590				-			-						-			-						-			-		
																											
o._Ileaid_640740				-			-						-			-						-			-		
																											
o._Ileaid_803360				-			-						-			-						-			-		
																											
o._Ileaid_901920				-			-						-			-						-			-		
																											
o._Ileaid_1200150				-			-						-			-						-			-		
																											
o._Ileaid_1200180				-			-						-			-						-			-		
																											
o._Ileaid_1200390				-			-						-			-						-			-		
																											
o._Ileaid_1200480				-			-						-			-						-			-		
																											
o._Ileaid_1200870				-			-						-			-						-			-		
																											
o._Ileaid_1201080				-			-						-			-						-			-		
																											
o._Ileaid_1201440				-			-						-			-						-			-		
																											
o._Ileaid_1201500				-			-						-			-						-			-		
																											
o._Ileaid_1201590				-			-						-			-						-			-		
																											
o._Ileaid_1201920				-			-						-			-						-			-		
																											
o._Ileaid_1300120				-			-						-			-						-			-		
																											
o._Ileaid_1301830				-			-						-			-						-			-		
																											
o._Ileaid_1303870				-			-						-			-						-			-		
																											
o._Ileaid_1709930				-			-						-			-						-			-		
																											
o._Ileaid_1734510				-			-						-			-						-			-		
																											
o._Ileaid_1803630				-			-						-			-						-			-		
																											
o._Ileaid_1804770				-			-						-			-						-			-		
																											
o._Ileaid_1810290				-			-						-			-						-			-		
																											
o._Ileaid_2012990				-			-						-			-						-			-		
																											
o._Ileaid_2101860				-			-						-			-						-			-		
																											
o._Ileaid_2102990				-			-						-			-						-			-		
																											
o._Ileaid_2200300				-			-						-			-						-			-		
																											
o._Ileaid_2200330				-			-						-			-						-			-		
																											
o._Ileaid_2200540				-			-						-			-						-			-		
																											
o._Ileaid_2201170				-			-						-			-						-			-		
																											
o._Ileaid_2201290				-			-						-			-						-			-		
																											
o._Ileaid_2201740				-			-						-			-						-			-		
																											
o._Ileaid_2400090				-			-						-			-						-			-		
																											
o._Ileaid_2502790				-			-						-			-						-			-		
																											
o._Ileaid_2511130				-			-						-			-						-			-		
																											
o._Ileaid_2612000				-			-						-			-						-			-		
																											
o._Ileaid_2616440				-			-						-			-						-			-		
																											
o._Ileaid_2621150				-			-						-			-						-			-		
																											
o._Ileaid_2721240				-			-						-			-						-			-		
																											
o._Ileaid_2916400				-			-						-			-						-			-		
																											
o._Ileaid_2929280				-			-						-			-						-			-		
																											
o._Ileaid_3174820				-			-						-			-						-			-		
																											
o._Ileaid_3200060				-			-						-			-						-			-		
																											
o._Ileaid_3407830				-			-						-			-						-			-		
																											
o._Ileaid_3411340				-			-						-			-						-			-		
																											
o._Ileaid_3605850				-			-						-			-						-			-		
																											
o._Ileaid_3624750				-			-						-			-						-			-		
																											
o._Ileaid_3702970				-			-						-			-						-			-		
																											
o._Ileaid_3703330				-			-						-			-						-			-		
																											
o._Ileaid_3904348				-			-						-			-						-			-		
																											
o._Ileaid_3904375				-			-						-			-						-			-		
																											
o._Ileaid_3904378				-			-						-			-						-			-		
																											
o._Ileaid_3904380				-			-						-			-						-			-		
																											
o._Ileaid_3904384				-			-						-			-						-			-		
																											
o._Ileaid_3904490				-			-						-			-						-			-		
																											
o._Ileaid_4017250				-			-						-			-						-			-		
																											
o._Ileaid_4022770				-			-						-			-						-			-		
																											
o._Ileaid_4030240				-			-						-			-						-			-		
																											
o._Ileaid_4110040				-			-						-			-						-			-		
																											
o._Ileaid_4218990				-			-						-			-						-			-		
																											
o._Ileaid_4219170				-			-						-			-						-			-		
																											
o._Ileaid_4501440				-			-						-			-						-			-		
																											
o._Ileaid_4502310				-			-						-			-						-			-		
																											
o._Ileaid_4503360				-			-						-			-						-			-		
																											
o._Ileaid_4702940				-			-						-			-						-			-		
																											
o._Ileaid_4703180				-			-						-			-						-			-		
																											
o._Ileaid_4808130				-			-						-			-						-			-		
																											
o._Ileaid_4808940				-			-						-			-						-			-		
																											
o._Ileaid_4816230				-			-						-			-						-			-		
																											
o._Ileaid_4818000				-			-						-			-						-			-		
																											
o._Ileaid_4818300				-			-						-			-						-			-		
																											
o._Ileaid_4819700				-			-						-			-						-			-		
																											
o._Ileaid_4823640				-			-						-			-						-			-		
																											
o._Ileaid_4828500				-			-						-			-						-			-		
																											
o._Ileaid_4838730				-			-						-			-						-			-		
																											
o._Ileaid_4844280				-			-						-			-						-			-		
																											
o._Ileaid_5102670				-			-						-			-						-			-		
																											
o._Ileaid_5103300				-			-						-			-						-			-		
																											
o._Ileaid_5307710				-			-						-			-						-			-		
																											
o._Ileaid_5308700				-			-						-			-						-			-		
																											
o._Ileaid_5509600				-			-						-			-						-			-		
																											
o._Ileaid_9999999				-			-						-			-						-			-		
																											
o.year				-			-						-			-						-			-		
																											
_IleaXyea_102370				0.00***			0.00***						-0.03			-0.03***						0.00			0.00***		
				(0.000)			(0.000)						(.)			(0.002)						(.)			(0.000)		
_IleaXyea_408800				-0.02***			-0.03						0.01***			0.01						-0.01***			-0.01		
				(0.000)			(.)						(0.001)			(.)						(0.000)			(.)		
_IleaXyea_509000				0.03***			0.03***						-0.02			-0.02***						0.02			0.02***		
				(0.000)			(0.000)						(.)			(0.002)						(.)			(0.000)		
_IleaXyea_614550				-0.02***			-0.02						-0.04***			-0.03						-0.01***			-0.01		
				(0.000)			(.)						(0.001)			(.)						(0.000)			(.)		
_IleaXyea_622710				-0.03***			-0.03						0.00***			0.01						-0.02***			-0.02		
				(0.000)			(.)						(0.001)			(.)						(0.000)			(.)		
_IleaXyea_628050				-0.03***			-0.03***						0.02***			0.02***						-0.01***			-0.01***		
				(0.000)			(0.001)						(0.001)			(0.002)						(0.000)			(0.000)		
_IleaXyea_633840				-0.00***			-0.00						0.01			0.01						0.01			0.01		
				(0.000)			(.)						(.)			(.)						(.)			(.)		
_IleaXyea_634170				-0.01***			-0.01						0.02***			0.02						0.00***			0.00		
				(0.000)			(.)						(0.001)			(.)						(0.000)			(.)		
_IleaXyea_634320				-0.01***			-0.01						-0.01***			-0.01						-0.00***			-0.00		
				(0.000)			(.)						(0.001)			(.)						(0.000)			(.)		
_IleaXyea_634410				-0.05***			-0.05						-0.01			-0.01						-0.04			-0.04		
				(0.000)			(.)						(.)			(.)						(.)			(.)		
_IleaXyea_634590				-0.01***			-0.01***						0.04***			0.04***						0.01***			0.01***		
				(0.000)			(0.001)						(0.001)			(0.002)						(0.000)			(0.000)		
_IleaXyea_640740				-0.03***			-0.03						0.04			0.04						-0.01			-0.01		
				(0.000)			(.)						(.)			(.)						(.)			(.)		
_IleaXyea_803360				-0.02***			-0.02						-0.02			-0.02						-0.01			-0.01		
				(0.000)			(.)						(.)			(.)						(.)			(.)		
_IleaXyea_901920				-0.02***			-0.02***						0.01***			0.02***						-0.01***			-0.01***		
				(0.000)			(0.001)						(0.001)			(0.002)						(0.000)			(0.000)		
_IleaXyea_1200150				0.03***			0.03						0.10			0.10						0.02			0.02		
				(0.000)			(.)						(.)			(.)						(.)			(.)		
_IleaXyea_1200180				0.04***			0.04						0.07			0.07						0.04			0.04		
				(0.000)			(.)						(.)			(.)						(.)			(.)		
_IleaXyea_1200390				0.04***			0.04						0.05			0.05						0.03			0.03		
				(0.000)			(.)						(.)			(.)						(.)			(.)		
_IleaXyea_1200480				0.01***			0.01***						0.03			0.04***						0.01			0.01***		
				(0.000)			(0.000)						(.)			(0.002)						(.)			(0.000)		
_IleaXyea_1200870				0.02***			0.03***						0.01			0.01***						0.02			0.02***		
				(0.000)			(0.000)						(.)			(0.002)						(.)			(0.000)		
_IleaXyea_1201080				0.04***			0.04						0.06			0.06						0.03			0.03		
				(0.000)			(.)						(.)			(.)						(.)			(.)		
_IleaXyea_1201440				0.03***			0.03***						0.04			0.05***						0.03			0.03***		
				(0.000)			(0.000)						(.)			(0.002)						(.)			(0.000)		
_IleaXyea_1201500				0.03***			0.03						0.05			0.05						0.02			0.02		
				(0.000)			(.)						(.)			(.)						(.)			(.)		
_IleaXyea_1201590				0.02***			0.02						0.04			0.04						0.01			0.01		
				(0.000)			(.)						(.)			(.)						(.)			(.)		
_IleaXyea_1201920				0.01***			0.01						0.04			0.04						0.01			0.01		
				(0.000)			(.)						(.)			(.)						(.)			(.)		
_IleaXyea_1300120				0.01***			0.01***						-0.01			-0.01***						0.01			0.01***		
				(0.000)			(0.000)						(.)			(0.002)						(.)			(0.000)		
_IleaXyea_1301830				0.02***			0.02***						0.10***			0.11***						0.02***			0.02***		
				(0.000)			(0.000)						(0.002)			(0.002)						(0.000)			(0.000)		
_IleaXyea_1303870				0.02***			0.02***						0.02			0.02***						0.02			0.02***		
				(0.000)			(0.000)						(.)			(0.002)						(.)			(0.000)		
_IleaXyea_1709930				-0.03***			-0.03***						-0.00***			-0.00						-0.03***			-0.03***		
				(0.000)			(0.001)						(0.001)			(0.002)						(0.000)			(0.000)		
_IleaXyea_1734510				-0.00***			-0.00						-0.00			-0.00						-0.00			-0.00		
				(0.000)			(.)						(.)			(.)						(.)			(.)		
_IleaXyea_1803630				-0.01***			-0.01						-0.02			-0.02						-0.01			-0.01		
				(0.000)			(.)						(.)			(.)						(.)			(.)		
_IleaXyea_1804770				-0.03***			-0.03						-0.00			-0.00						-0.03			-0.03		
				(0.000)			(.)						(.)			(.)						(.)			(.)		
_IleaXyea_1810290				-0.02***			-0.02***						-0.06***			-0.05***						-0.02***			-0.02***		
				(0.000)			(0.001)						(0.001)			(0.002)						(0.000)			(0.000)		
_IleaXyea_2012990				-0.03***			-0.03						-0.03			-0.03						-0.02			-0.02		
				(0.000)			(.)						(.)			(.)						(.)			(.)		
_IleaXyea_2101860				0.02***			0.02***						-0.02			-0.01***						0.01			0.01***		
				(0.000)			(0.000)						(.)			(0.002)						(.)			(0.000)		
_IleaXyea_2102990				0.01***			0.01***						-0.06			-0.06***						-0.00			-0.00***		
				(0.000)			(0.000)						(.)			(0.002)						(.)			(0.000)		
_IleaXyea_2200300				0.01***			0.01						-0.03			-0.03						0.00			0.00		
				(0.000)			(.)						(.)			(.)						(.)			(.)		
_IleaXyea_2200330				0.01***			0.01						-0.01			-0.01						0.00			0.00		
				(0.000)			(.)						(.)			(.)						(.)			(.)		
_IleaXyea_2200540				0.02***			0.02						-0.00			-0.00						0.02			0.02		
				(0.000)			(.)						(.)			(.)						(.)			(.)		
_IleaXyea_2201170				0.01***			0.01						-0.03***			-0.02						0.00***			0.00		
				(0.000)			(.)						(0.002)			(.)						(0.000)			(.)		
_IleaXyea_2201290				0.01***			0.01						-0.06			-0.06						-0.00			-0.00		
				(0.000)			(.)						(.)			(.)						(.)			(.)		
_IleaXyea_2201740				0.02***			0.02						-0.04			-0.04						0.01			0.01		
				(0.000)			(.)						(.)			(.)						(.)			(.)		
_IleaXyea_2400090				0.00***			0.00***						-0.00			-0.00						0.00			0.00***		
				(0.000)			(0.000)						(.)			(0.002)						(.)			(0.000)		
_IleaXyea_2502790				-0.02***			-0.02						0.02			0.02						-0.01			-0.01		
				(0.000)			(.)						(.)			(.)						(.)			(.)		
_IleaXyea_2511130				-0.01***			-0.01						-0.00			-0.00						-0.01			-0.01		
				(0.000)			(.)						(.)			(.)						(.)			(.)		
_IleaXyea_2612000				-0.03***			-0.03						0.00			0.00						-0.02			-0.02		
				(0.000)			(.)						(.)			(.)						(.)			(.)		
_IleaXyea_2616440				-0.01***			-0.00***						-0.03			-0.03***						-0.01			-0.01***		
				(0.000)			(0.001)						(.)			(0.002)						(.)			(0.000)		
_IleaXyea_2621150				-0.00***			-0.00						-0.01			-0.01						0.00			0.00		
				(0.000)			(.)						(.)			(.)						(.)			(.)		
_IleaXyea_2721240				0.01***			0.01						0.00			0.00						0.01			0.01		
				(0.000)			(.)						(.)			(.)						(.)			(.)		
_IleaXyea_2916400				-0.03***			-0.04						-0.00			0.00						-0.03***			-0.03		
				(0.000)			(.)						(0.001)			(.)						(0.000)			(.)		
_IleaXyea_2929280				-0.05***			-0.05						-0.03***			-0.03						-0.04***			-0.04		
				(0.000)			(.)						(0.001)			(.)						(0.000)			(.)		
_IleaXyea_3174820				-0.02***			-0.02						-0.02			-0.02						-0.02			-0.02		
				(0.000)			(.)						(.)			(.)						(.)			(.)		
_IleaXyea_3200060				0.01***			0.01						0.13			0.13						0.03			0.03		
				(0.000)			(.)						(.)			(.)						(.)			(.)		
_IleaXyea_3407830				-0.02***			-0.02						-0.00			-0.00						-0.02			-0.02		
				(0.000)			(.)						(.)			(.)						(.)			(.)		
_IleaXyea_3411340				-0.04***			-0.04***						-0.00***			-0.00						-0.03***			-0.03***		
				(0.000)			(0.001)						(0.001)			(0.002)						(0.000)			(0.000)		
_IleaXyea_3605850				-0.03***			-0.03						-0.04			-0.04						-0.03			-0.03		
				(0.000)			(.)						(.)			(.)						(.)			(.)		
_IleaXyea_3624750				0.00***			0.00***						-0.01			-0.00***						-0.00			-0.00**		
				(0.000)			(0.001)						(.)			(0.002)						(.)			(0.000)		
_IleaXyea_3702970				0.02***			0.02						0.02			0.02						0.02			0.02		
				(0.000)			(.)						(.)			(.)						(.)			(.)		
_IleaXyea_3703330				0.00***			0.00						0.00			0.00						0.00			0.00		
				(0.000)			(.)						(.)			(.)						(.)			(.)		
_IleaXyea_3904348				-0.03***			-0.03						-0.01***			-0.01						-0.03***			-0.03		
				(0.000)			(.)						(0.001)			(.)						(0.000)			(.)		
_IleaXyea_3904375				-0.03***			-0.03						-0.02			-0.02						-0.03			-0.03		
				(0.000)			(.)						(.)			(.)						(.)			(.)		
_IleaXyea_3904378				-0.05***			-0.05						-0.02***			-0.01						-0.04***			-0.04		
				(0.000)			(.)						(0.001)			(.)						(0.000)			(.)		
_IleaXyea_3904380				-0.03***			-0.03						-0.01***			-0.01						-0.02***			-0.02		
				(0.000)			(.)						(0.001)			(.)						(0.000)			(.)		
_IleaXyea_3904384				-0.04***			-0.04						0.00			0.00						-0.03			-0.03		
				(0.000)			(.)						(.)			(.)						(.)			(.)		
_IleaXyea_3904490				-0.03***			-0.03						0.00***			0.01						-0.02***			-0.02		
				(0.000)			(.)						(0.001)			(.)						(0.000)			(.)		
_IleaXyea_4017250				0.04***			0.04***						0.03			0.03***						0.04			0.04***		
				(0.000)			(0.000)						(.)			(0.002)						(.)			(0.000)		
_IleaXyea_4022770				0.02***			0.02***						0.01			0.01***						0.01			0.01***		
				(0.000)			(0.000)						(.)			(0.002)						(.)			(0.000)		
_IleaXyea_4030240				0.02***			0.02***						0.03			0.03***						0.02			0.02***		
				(0.000)			(0.000)						(.)			(0.002)						(.)			(0.000)		
_IleaXyea_4110040				-0.02***			-0.02						-0.00			-0.00						-0.01			-0.01		
				(0.000)			(.)						(.)			(.)						(.)			(.)		
_IleaXyea_4218990				-0.04***			-0.04						-0.02***			-0.02						-0.03***			-0.03		
				(0.000)			(.)						(0.001)			(.)						(0.000)			(.)		
_IleaXyea_4219170				-0.04***			-0.04						-0.06***			-0.06						-0.04***			-0.04		
				(0.000)			(.)						(0.001)			(.)						(0.000)			(.)		
_IleaXyea_4501440				0.00***			0.00						-0.03			-0.03						0.01			0.01		
				(0.000)			(.)						(.)			(.)						(.)			(.)		
_IleaXyea_4502310				0.02***			0.02						0.01			0.01						0.01			0.01		
				(0.000)			(.)						(.)			(.)						(.)			(.)		
_IleaXyea_4503360				0.01***			0.01						0.01			0.01						0.01			0.01		
				(0.000)			(.)						(.)			(.)						(.)			(.)		
_IleaXyea_4702940				0.01***			0.01***						-0.03			-0.02***						0.01			0.01***		
				(0.000)			(0.000)						(.)			(0.002)						(.)			(0.000)		
_IleaXyea_4703180				0.02***			0.02***						-0.01			-0.00*						0.01			0.01***		
				(0.000)			(0.000)						(.)			(0.002)						(.)			(0.000)		
_IleaXyea_4808130				0.01***			0.01***						-0.08			-0.08***						0.00			0.00***		
				(0.000)			(0.000)						(.)			(0.002)						(.)			(0.000)		
_IleaXyea_4808940				0.02***			0.02***						-0.01***			-0.00*						0.02***			0.02***		
				(0.000)			(0.000)						(0.002)			(0.002)						(0.000)			(0.000)		
_IleaXyea_4816230				0.03***			0.03***						0.01			0.01***						0.02			0.02***		
				(0.000)			(0.000)						(.)			(0.002)						(.)			(0.000)		
_IleaXyea_4818000				0.01***			0.01						0.02***			0.02						0.00***			0.00		
				(0.000)			(.)						(0.002)			(.)						(0.000)			(.)		
_IleaXyea_4818300				0.03***			0.03***						-0.04***			-0.03***						0.03***			0.03***		
				(0.000)			(0.000)						(0.002)			(0.002)						(0.000)			(0.000)		
_IleaXyea_4819700				0.02***			0.02***						0.03			0.03***						0.01			0.01***		
				(0.000)			(0.000)						(.)			(0.002)						(.)			(0.000)		
_IleaXyea_4823640				0.01***			0.01***						-0.01			-0.00						0.01			0.01***		
				(0.000)			(0.000)						(.)			(0.002)						(.)			(0.000)		
_IleaXyea_4828500				0.01***			0.01***						0.03***			0.04***						0.01***			0.01***		
				(0.000)			(0.000)						(0.002)			(0.002)						(0.000)			(0.000)		
_IleaXyea_4838730				-0.00***			-0.00						-0.06			-0.06						-0.01			-0.01		
				(0.000)			(.)						(.)			(.)						(.)			(.)		
_IleaXyea_4844280				0.02***			0.02***						-0.01			-0.01***						0.01			0.01***		
				(0.000)			(0.000)						(.)			(0.002)						(.)			(0.000)		
_IleaXyea_5102670				0.00***			0.00						-0.02			-0.02						0.00			0.00		
				(0.000)			(.)						(.)			(.)						(.)			(.)		
_IleaXyea_5103300				0.00***			0.00						-0.02			-0.02						0.00			0.00		
				(0.000)			(.)						(.)			(.)						(.)			(.)		
_IleaXyea_5307710				-0.02***			-0.03						-0.02***			-0.01						-0.01***			-0.02		
				(0.000)			(.)						(0.001)			(.)						(0.000)			(.)		
_IleaXyea_5308700				0.01***			0.01***						-0.00			0.00						0.00			0.01***		
				(0.000)			(0.001)						(.)			(0.002)						(.)			(0.000)		
o._IleaXyea_5509600				-			-						-			-						-			-		
																											
_IleaXyea_9999999				0.02***			0.02***						-0.03***			-0.02***						0.01***			0.01***		
				(0.000)			(0.000)						(0.002)			(0.002)						(0.000)			(0.000)		
imp_post_south	-0.03	-0.03					-0.06*	-0.01	-0.06	-0.40**	-0.38**					-0.38*	-0.36*	-0.38**	-0.01	-0.01					-0.03	0.02	-0.03
	(0.037)	(0.036)					(0.038)	(0.043)	(0.051)	(0.177)	(0.167)					(0.223)	(0.193)	(0.161)	(0.033)	(0.034)					(0.033)	(0.038)	(0.048)
imp_post_nonsouth	0.11**	0.02					0.16**	0.10*	0.12*	0.13	0.21					0.14	0.15	0.10	0.04	-0.02					0.07*	0.01	0.05
	(0.052)	(0.045)					(0.065)	(0.061)	(0.065)	(0.176)	(0.165)					(0.165)	(0.209)	(0.162)	(0.044)	(0.039)					(0.040)	(0.028)	(0.059)
o.p_black_6b					-			-						-			-						-			-	
																											
_IyeaXp_b_1970					-0.87***			-0.79***						0.45			0.55						-0.52***			-0.50***	
					(0.207)			(0.199)						(0.693)			(0.657)						(0.154)			(0.153)	
_IyeaXp_b_1980					-1.53***			-1.59***						0.02			-0.08						-0.98***			-1.01***	
					(0.261)			(0.284)						(0.777)			(0.773)						(0.208)			(0.222)	
_IyeaXp_b_1990					-2.01***			-2.01***						-0.20			-0.20						-1.47***			-1.47***	
					(0.320)			(0.320)						(0.955)			(0.955)						(0.277)			(0.277)	
o.lnarea_b					-			-						-			-						-			-	
																											
_IyeaXlna_1970					-0.02			-0.01						0.11			0.17**						-0.00			-0.00	
					(0.025)			(0.025)						(0.071)			(0.073)						(0.018)			(0.019)	
_IyeaXlna_1980					-0.01			-0.01						0.20**			0.19**						0.03			0.02	
					(0.033)			(0.034)						(0.085)			(0.085)						(0.025)			(0.025)	
_IyeaXlna_1990					0.03			0.03						0.33***			0.33***						0.05			0.05	
					(0.044)			(0.044)						(0.108)			(0.108)						(0.036)			(0.036)	
o.lnmarea_b					-			-						-			-						-			-	
																											
_IyeaXlnm_1970					0.03			0.02						-0.03			-0.06						0.03			0.03	
					(0.034)			(0.033)						(0.117)			(0.116)						(0.025)			(0.024)	
_IyeaXlnm_1980					0.02			-0.00						-0.03			-0.07						0.03			0.02	
					(0.043)			(0.044)						(0.131)			(0.136)						(0.032)			(0.033)	
_IyeaXlnm_1990					0.02			0.02						-0.16			-0.16						0.03			0.03	
					(0.049)			(0.049)						(0.165)			(0.165)						(0.045)			(0.045)	
o.numdis_b					-			-						-			-						-			-	
																											
_IyeaXnum_1970					0.29			0.25						1.11			0.89						0.12			0.13	
					(0.410)			(0.401)						(1.171)			(1.164)						(0.367)			(0.367)	
_IyeaXnum_1980					0.61			0.58						0.80			1.60						-0.13			-0.20	
					(0.523)			(0.611)						(1.468)			(1.533)						(0.498)			(0.544)	
_IyeaXnum_1990					-0.49			-0.49						0.47			0.47						-0.92			-0.92	
					(0.681)			(0.681)						(2.019)			(2.019)						(0.683)			(0.683)	
o.lnincw_6b					-			-						-			-						-			-	
																											
_IyeaXlni_1970					-0.11			-0.15						-1.64**			-1.54**						-0.10			-0.11	
					(0.192)			(0.176)						(0.728)			(0.711)						(0.127)			(0.126)	
_IyeaXlni_1980					0.07			0.10						-0.27			-0.37						0.01			0.03	
					(0.233)			(0.251)						(0.711)			(0.698)						(0.176)			(0.184)	
_IyeaXlni_1990					0.23			0.23						-1.13			-1.13						0.09			0.09	
					(0.288)			(0.288)						(0.886)			(0.886)						(0.243)			(0.243)	
o.lnincb_6b					-			-						-			-						-			-	
																											
_IyeaXlnia1970					0.11			0.15						1.71**			1.63**						0.09			0.11	
					(0.210)			(0.193)						(0.778)			(0.759)						(0.138)			(0.138)	
_IyeaXlnia1980					-0.09			-0.13						0.20			0.31						-0.03			-0.05	
					(0.254)			(0.274)						(0.759)			(0.745)						(0.192)			(0.201)	
_IyeaXlnia1990					-0.27			-0.27						1.13			1.13						-0.11			-0.11	
					(0.316)			(0.316)						(0.939)			(0.939)						(0.265)			(0.265)	
o.p_man_6b					-			-						-			-						-			-	
																											
_IyeaXp_m_1970					0.49			0.45						-1.44			-1.36						0.36			0.35	
					(0.311)			(0.298)						(1.115)			(1.100)						(0.238)			(0.239)	
_IyeaXp_m_1980					0.32			0.34						-0.75			-0.98						0.17			0.16	
					(0.422)			(0.433)						(1.088)			(1.147)						(0.323)			(0.331)	
_IyeaXp_m_1990					0.23			0.23						-1.49			-1.49						0.02			0.02	
					(0.512)			(0.512)						(1.443)			(1.443)						(0.422)			(0.422)	
imp_pre23_south						-0.02			-0.05						0.20			0.04						-0.01			-0.02
						(0.037)			(0.050)						(0.225)			(0.227)						(0.031)			(0.046)
imp_pre23_nonsouth						0.06			0.03						-0.18			-0.10						0.05			0.03
						(0.067)			(0.076)						(0.177)			(0.175)						(0.055)			(0.064)
																											
Observations	368	368	368	368	368	368	368	368	368	367	367	367	367	367	367	367	367	367	368	368	368	368	368	368	368	368	368
Number of leaid	92	92	92	92	92	92	92	92	92	92	92	92	92	92	92	92	92	92	92	92	92	92	92	92	92	92	92
Robust standard errors in parentheses																											
*** p<0.01, ** p<0.05, * p<0.1																											
